<!DOCTYPE html>
<html>
<body>
<p>Collection size:<span>2</span></p>
</body>
</html>
