<!DOCTYPE html>
<html>
<body>

<table border="1">
    <tr>
        <th>CITY</th>
        <th>NAME</th>
    </tr>
    <tr>
        <td rowspan="3">SPb</td>
        <td>Simon</td>
    </tr>
    <tr>

        <td>John</td>
    </tr>
    <tr>

        <td>Mary</td>
    </tr>
    <tr>
        <td rowspan="1">Sochi</td>
        <td>Bob</td>
    </tr>
    <tr>
        <td rowspan="2">Moscow</td>
        <td>Petr</td>
    </tr>
    <tr>

        <td>Ann</td>
    </tr>
</table>

</body>
</html>
