<!DOCTYPE html>
<html>
<body>

<p>Hi, man!</p>

</body>
</html>
