<!DOCTYPE html>
<html>
<body>

<div><div>
My Copyright
</div></div>

<div>
My Copyright
</div>

<div>
My Copyright
</div>

</body>
</html>
