<!DOCTYPE html>
<html>
<body>

Absolute link:
<a href="http://localhost:8080/gtvg/order/details">
    view
</a>

Change link text:
<a href="http://localhost:8080/gtvg/order/details">new text</a>

Use variables in link:
<a href="http://localhost:8080/gtvg/order/Moscow">
    variable in link
</a>

</body>
</html>
